---
source: tests/render_snapshots.rs
assertion_line: 388
expression: snapshot
---
"                                                                                                                        "
"  hello                                                                                                                 "
"                                                                                                                        "
"  Hello world                                                                                                           "
"                                                                                                                        "
"                                                                                                                        "
"                                                                                                                        "
"                                                                                                                        "
"                                                                                                                        "
"                                                                                                                        "
"                                                                                                                        "
"                                                                                                                        "
"                                                                                                                        "
"                                                                                                                        "
"                                                                                                                        "
"                                                                                                                        "
"                                                                                                                        "
"                                                                                                                        "
"                                                                                                                        "
"                                                                                                                        "
"                                                                                                                        "
"                                                                                                                        "
"                                                                                                                        "
"                                                                                                                        "
"                                                                                                                        "
"                                                                                                                        "
"                                                                                                                        "
"                                                                                                                        "
"                                                                                                                        "
"                                                                                                                        "
