---
source: tests/render_snapshots.rs
assertion_line: 294
expression: "render_snapshot(&store, &mut cache, 120, 30, 0)"
---
"                                                                                                                        "
"  Check this out:                                                                                                       "
"                                                                                                                        "
"  fn main() {                                                                                                           "
"      println!("hi");                                                                                                   "
"  }                                                                                                                     "
"                                                                                                                        "
"  | a | b |                                                                                                             "
"  |───|───|                                                                                                             "
"  | 1 | 2 |                                                                                                             "
"  stale fresh                                                                                                           "
"                                                                                                                        "
"  [tool] read_file                                                                                                      "
"  the /etc directory                                                                                                    "
"                                                                                                                        "
"  Hello world                                                                                                           "
"  thinking                                                                                                              "
"                                                                                                                        "
"  [compacted 1 messages]                                                                                                "
"                                                                                                                        "
"  summarized content                                                                                                    "
"                                                                                                                        "
"                                                                                                                        "
"                                                                                                                        "
"                                                                                                                        "
"                                                                                                                        "
"                                                                                                                        "
"                                                                                                                        "
"                                                                                                                        "
"                                                                                                                        "
