---
source: tests/tiers.rs
assertion_line: 250
expression: "format!(\"{}\", term.backend())"
---
"Session: s1                                                 "
"≡                                                           "
"  hi                                                        "
"                                                            "
"                                                            "
"                                                            "
"                                                            "
"                                                            "
"                                                            "
"                                                            "
"                                                            "
"────────────────────────────────────────────────────────────"
"  type a message — enter to send                            "
"                                                            "
" seq 1                                                    ● "
